Consider correcting abiturienta (Err/Orth) to abiturieanta
Consider correcting akšunista (Err/Orth) to aktionista
Consider correcting amanuensa (Err/Orth) to amanueansa
Consider correcting anánas (Err/Orth) to ananas
Consider correcting antilohppa (Err/Orth) to anti
Lemma aprillahilbošeapmi is marked as Err/Lex in FST
Consider correcting váimmus- (Err/Orth) to váimmus
Consider correcting áhčeheapme (Err/Orth) to áhčiheapme
Consider correcting áhčehis (Err/Orth) to áhčiheapme
Consider correcting áibmobaloŋŋa (Err/Orth) to áibmu
Consider correcting áigasaš (Err/Orth) to áigásaš
Consider correcting áigodatinfluensa (Err/Orth) to áigodat
Consider correcting áittahallat (Err/Orth) to áitta
Consider correcting álgosaldo (Err/Orth) to álgu
Consider correcting árpmogis (Err/Orth) to árbmu
Lemma árvvoštit is marked as Err/Lex in FST
Consider correcting árvvoštallit (Err/Orth) to árvvoštallat
Consider correcting áššegolut (Err/Orth) to ášši
Lemma ávvu is marked as Err/Lex in FST
Consider correcting ávžohallat (Err/Orth) to ávžu
Consider correcting baikái (Err/Orth) to báiki
Consider correcting bajáhaddat (Err/Orth) to bajidit
Consider correcting baloŋŋa (Err/Orth) to balloŋŋa
Consider correcting balsáma (Err/Orth) to balsam
Consider correcting barra (Err/Orth) to bárra
Consider correcting bara (Err/Orth) to bárra
Consider correcting bárdnevuohta (Err/Orth) to bárdnivuohta
Consider correcting bárulágan (Err/Orth) to bárru
Consider correcting bealatvuohta (Err/Orth) to bealátvuohta
Consider correcting beatnatlágan (Err/Orth) to beana
Consider correcting biepmussálttit (Err/Orth) to biepmus
Consider correcting bievllahallat (Err/Orth) to bievla
Consider correcting bihtta (Err/Orth) to bihttá
Consider correcting bikšáhallat (Err/Orth) to bikšái
Consider correcting birolágan (Err/Orth) to biro
Consider correcting boarráseabbo (Err/Orth) to boaris
Consider correcting bođuidvuovdin (Err/Orth) to bođuidvuovdi
Consider correcting bohccebasttat (Err/Orth) to bohcci
Consider correcting bohttehallat (Err/Orth) to bohtti
Consider correcting boisbotneheapme (Err/Orth) to boisbotniheapme
Consider correcting boisbotnehis (Err/Orth) to boisbotniheapme
Consider correcting borggaslágan (Err/Orth) to borggas
Consider correcting buoliheapme (Err/Orth) to buoleheapme
Consider correcting buolihis (Err/Orth) to buoleheapme
Consider correcting buollahallat (Err/Orth) to buolla
Consider correcting buollinjuman (Err/Orth) to buollit
Consider correcting buorrelágan (Err/Orth) to buorre
Consider correcting buotlágan (Err/Orth) to buotlágan
Consider correcting čavččalágan (Err/Orth) to čakča
Lemma čáhcepássár is marked as Err/Lex in FST
Consider correcting čáhpput (Err/Orth) to cáhpat
Lemma čehportráhppe is marked as Err/Lex in FST
Consider correcting čielgeađalámis (Err/Orth) to čielgi
Consider correcting čoarvehbealli (Err/Orth) to čoarvetbealli
Consider correcting čuođemađe (Err/Orth) to čuohti
Consider correcting čuođenáre (Err/Orth) to čuohti
Consider correcting dallearka (Err/Orth) to tallearka
Consider correcting davvidolat (Err/Orth) to davvi
Consider correcting dávdái (Err/Orth) to dávdi
Consider correcting diehttislágan (Err/Orth) to diehttislágan
Consider correcting dievddulágan (Err/Orth) to dievdu
Consider correcting diibma (Err/Orth) to diibmu
Lemma doaibma is marked as Err/Lex in FST
Consider correcting duođalágan (Err/Orth) to duohta
Consider correcting eatnigiel- (Err/Orth) to eatnigiel
Consider correcting faŋke- (Err/Orth) to faŋki
Lemma fávllabealle is marked as Err/Lex in FST
Consider correcting fierpmádatlogan (Err/Orth) to fierpmádat
Consider correcting fránsos (Err/Orth) to fransosa
Consider correcting frimearka (Err/Orth) to friddjamearka
Consider correcting gaigŋerbealis (Err/Orth) to gaigŋirbealis
Consider correcting galbbalágan (Err/Orth) to galba
Consider correcting gallilágan (Err/Orth) to gallilágan
Consider correcting gákcilogi (Err/Orth) to gákci
Consider correcting gálbbenáhstigat (Err/Orth) to gálbbenahstigat
Consider correcting gárggan (Err/Orth) to gárga
Consider correcting gásalágan (Err/Orth) to gássa
Lemma gáttabealle is marked as Err/Lex in FST
Lemma gáttageahči is marked as Err/Lex in FST
Consider correcting gávccenuppelogát (Err/Orth) to gávccinuppelogát
Consider correcting gávccenuppelohkái (Err/Orth) to gávccinuppelohkái
Consider correcting gákcilogi (Err/Orth) to gákci
Consider correcting geaillulágan (Err/Orth) to geailu
Consider correcting giđalágan (Err/Orth) to giđđa
Consider correcting goahccelágan (Err/Orth) to goahcci
Consider correcting golgoslágan (Err/Orth) to golggus
Consider correcting gomu- (Err/Orth) to gomu
Consider correcting gulavaš (Err/Orth) to gullevaš
Consider correcting guovttegearddaš (Err/Orth) to guovttegearddáš
Consider correcting guovttelágan (Err/Orth) to guokte
Consider correcting gurka (Err/Orth) to gurká
Lemma goskkádávda is marked as Err/Lex in FST
Consider correcting guškken (Err/Orth) to gušká
Lemma guv is marked as Err/Lex in FST
Consider correcting hattiheapme (Err/Orth) to hatteheapme
Consider correcting hattihis (Err/Orth) to hatteheapme
Consider correcting hávllár (Err/Orth) to hávlár
Consider correcting hávskkes (Err/Orth) to hávski
Consider correcting heahtečuorvva (Err/Orth) to heahtečuorvvas
Consider correcting hearrábeaivvit (Err/Orth) to hearrá
Consider correcting heavvojieŋat (Err/Orth) to heavvu
Consider correcting iešlágan (Err/Orth) to iešlágan
Consider correcting iežálágan (Err/Orth) to iežálágan
Lemma ihtu is marked as Err/Lex in FST
Consider correcting influensá (Err/Orth) to influeansa
Consider correcting ipmašeabbo (Err/Orth) to imaš
Consider correcting iskkus- (Err/Orth) to iskkus
Consider correcting islam (Err/Orth) to isláma
Consider correcting jágát (Err/Orth) to jahki
Consider correcting jielan (Err/Orth) to jiella
Consider correcting johttut (Err/Orth) to johtit
Consider correcting jorddamur (Err/Orth) to jorddamovra
Lemma jus is marked as Err/Lex in FST
Consider correcting julggaštuslágan (Err/Orth) to julggaštus
Consider correcting juman (Err/Orth) to jupma
Consider correcting juogalágan (Err/Orth) to juoga
Consider correcting juohkelágan (Err/Orth) to juohkelágan
Consider correcting juolgehbealli (Err/Orth) to juolgetbealli
Consider correcting karriera (Err/Orth) to karrieara
Consider correcting kloavdna (Err/Orth) to klovdna
Consider correcting kolonná (Err/Orth) to kolonna
Consider correcting lagas- (Err/Orth) to lagas
Consider correcting laksehallat (Err/Orth) to laksi
Consider correcting latiinnagillii (Err/Orth) to latiidna
Consider correcting láđđehallat (Err/Orth) to láđđi
Consider correcting láhpahallat (Err/Orth) to láhpa
Consider correcting láiraeana (Err/Orth) to láirá
Consider correcting lássái (Err/Orth) to lassi
Consider correcting loahccut (Err/Orth) to loahcat
Consider correcting logenáre (Err/Orth) to lohki
Consider correcting luhtteorrun (Err/Orth) to luhtteorru
Consider correcting lunttalágan (Err/Orth) to lunta
Consider correcting luohkin (Err/Orth) to luohkki
Consider correcting mannái (Err/Orth) to mánná
Consider correcting mannás (Err/Orth) to mánná
Consider correcting maŋábealli (Err/Orth) to maŋábealle
Lemma maŋŋi is marked as Err/Lex in FST
Consider correcting maŋe (Err/Orth) to maŋŋi
Lemma maŋŋi is marked as Err/Lex in FST
Lemma maŋŋi is marked as Err/Lex in FST
Consider correcting mafia (Err/Orth) to máfia
Consider correcting máŋggalágan (Err/Orth) to máŋggalágan
Consider correcting márkansuomut (Err/Orth) to márkan
Consider correcting meassut (Err/Orth) to meassat
Consider correcting miellaseabbo (Err/Orth) to mielas
Lemma mihcamár is marked as Err/Lex in FST
Lemma mihkalmas is marked as Err/Lex in FST
Consider correcting millioneara (Err/Orth) to miljoneara
Consider correcting miššuneara (Err/Orth) to miššoneara
Consider correcting modearna (Err/Orth) to modeardna
Consider correcting morena (Err/Orth) to moreana
Consider correcting muhtunlágan (Err/Orth) to muhtunlágan
Consider correcting muhtinlágan (Err/Orth) to muhtinlágan
Consider correcting nagirnjuorrasat (Err/Orth) to nagir
Consider correcting nalle- (Err/Orth) to nalli
Consider correcting našunála (Err/Orth) to nationála
Consider correcting našunála (Err/Orth) to nationála
Consider correcting nárrahallat (Err/Orth) to nárra
Consider correcting návrat (Err/Orth) to návrraš
Consider correcting niiboagán (Err/Orth) to niibeboagán
Consider correcting njuohpput (Err/Orth) to njuohpat
Consider correcting njuolalágan (Err/Orth) to njuolla
Consider correcting noaidivuohta (Err/Orth) to noaidevuohta
Consider correcting norke- (Err/Orth) to norki
Consider correcting nuppelágan (Err/Orth) to nuppelágan
Consider correcting oallelágan (Err/Orth) to oalli
Consider correcting oamivánhurskkis (Err/Orth) to oamivanhurskkis
Consider correcting oaneheabbo (Err/Orth) to oanehaš
Consider correcting oatnelágan (Err/Orth) to oatnelágan
Lemma oarjjageahči is marked as Err/Lex in FST
Consider correcting oarpmeleš (Err/Orth) to oarpmeležat
Consider correcting oambeleš (Err/Orth) to oambeležat
Consider correcting oassestáhtta (Err/Orth) to oassi
Consider correcting oatnelágan (Err/Orth) to oatnelágan
Consider correcting okcilogi (Err/Orth) to okci
Consider correcting okcilogi (Err/Orth) to okci
Consider correcting ovdaromálaš (Err/Orth) to ovdaromalaš
Consider correcting ovttalágan (Err/Orth) to okta
Consider correcting ovttalágan (Err/Orth) to okta
Consider correcting premiára (Err/Orth) to premieara
Consider correcting promille (Err/Orth) to promilla
Consider correcting rahppe- (Err/Orth) to rahppi
Consider correcting rambuvra (Err/Orth) to rámbuvra
Consider correcting rambuvri (Err/Orth) to rámbuvri
Consider correcting ráhkaduvvomin (Err/Orth) to ráhkadit
Consider correcting ráhppái (Err/Orth) to rahpat
Consider correcting rássenađat (Err/Orth) to rásset
Consider correcting riektáseabbo (Err/Orth) to riekta
Lemma riemut is marked as Err/Lex in FST
Consider correcting rievdut (Err/Orth) to rievdat
Consider correcting rehkedoallu (Err/Orth) to rehketdoallu
Consider correcting ruovttulágan (Err/Orth) to ruoktu
Lemma sanitehta is marked as Err/Lex in FST
Lemma sanitehta is marked as Err/Lex in FST
Consider correcting sáittelágan (Err/Orth) to sáiti
Consider correcting saldo (Err/Orth) to sáldo
Consider correcting sáltegurka (Err/Orth) to sálti
Consider correcting sámivuohta (Err/Orth) to sámevuohta
Consider correcting seainnebeallai (Err/Orth) to seaidni
Consider correcting sealggebeallai (Err/Orth) to sealgi
Consider correcting seammalágan (Err/Orth) to seammalágan
Lemma seavnnjaveaigi is marked as Err/Lex in FST
Consider correcting sievlládat (Err/Orth) to sievlladat
Consider correcting sitnoeana (Err/Orth) to sitnu
Consider correcting sitron (Err/Orth) to sitrovdna
Consider correcting siviilavuoigatvuođat (Err/Orth) to siviila
Consider correcting sivlohallat (Err/Orth) to sivlu
Consider correcting skárrit (Err/Orth) to skárrat
Consider correcting skielga- (Err/Orth) to skielgá
Consider correcting skulkit (Err/Orth) to skulkat
Consider correcting skuobán (Err/Orth) to skuohpá
Consider correcting silmukoille (Err/Orth) to silmu
Consider correcting soameslágan (Err/Orth) to soameslágan
Consider correcting spahkajuolggit (Err/Orth) to spahká
Consider correcting spiinnelágan (Err/Orth) to spiidni
Consider correcting stáhtta (Err/Orth) to stáhta
Consider correcting stohkan (Err/Orth) to stohkka
Consider correcting sulti- (Err/Orth) to sulti
Consider correcting sultu- (Err/Orth) to sultu
Consider correcting suodjalusdepartementa (Err/Orth) to suodjalus
Consider correcting suoma-ugralaš (Err/Orth) to suomaugralaš
Lemma šlakteriija is marked as Err/Lex in FST
Consider correcting šlimppastat (Err/Orth) to šlimpá
Consider correcting šlubboaivi (Err/Orth) to šlubb'oaivi
Consider correcting šlurbu- (Err/Orth) to šlurbu
Consider correcting dallearka (Err/Orth) to tallearka
Consider correcting telefon- (Err/Orth) to telefovdna
Consider correcting testamenta (Err/Orth) to testameanta
Consider correcting váimmuheapme (Err/Orth) to váimmoheapme
Consider correcting váimmuhis (Err/Orth) to váimmoheapme
Consider correcting váimmusbázahusat (Err/Orth) to váimmus
Consider correcting válga- (Err/Orth) to válga
Lemma veastalaš is marked as Err/Lex in FST
Consider correcting vepselaš (Err/Orth) to vepsalaš
Lemma vuoktagoikkár is marked as Err/Lex in FST
